<html>
<body>
<pre>
<h1>µVision Build Log</h1>
<h2>Tool Versions:</h2>
IDE-Version: µVision V5.37.0.0
Copyright (C) 2022 ARM Ltd and ARM Germany GmbH. All rights reserved.
License Information: Ahmed Afifi, Siemens, LIC=----
 
Tool Versions:
Toolchain:       MDK-Lite  Version: 5.37.0.0
Toolchain Path:  C:\Keil_v5\ARM\ARMCLANG\Bin
C Compiler:      ArmClang.exe V6.18
Assembler:       Armasm.exe V6.18
Linker/Locator:  ArmLink.exe V6.18
Library Manager: ArmAr.exe V6.18
Hex Converter:   FromElf.exe V6.18
CPU DLL:         SARMCM3.DLL V5.37.0.0
Dialog DLL:      DCM.DLL V1.17.5.0
Target DLL:      UL2CM3.DLL V1.164.7.0
Dialog DLL:      TCM.DLL V1.56.1.0
 
<h2>Project:</h2>
C:\Users\ahmed\OneDrive\Desktop\Udacity Advanced Embedded Systems\UdacityFWD_Emb_Project2\Led_app.uvprojx
Project File Date:  09/30/2022

<h2>Output:</h2>
*** Using Compiler 'V6.18', folder: 'C:\Keil_v5\ARM\ARMCLANG\Bin'
Rebuild target 'Target 1'
MCAL/IntCtrl/IntCtrl.c(1): warning: In file included from...
MCAL/IntCtrl/headers\IntCtrl.h(6): warning: In file included from...
MCAL/IntCtrl/headers/..\..\common\MCU_hw.h(12): warning: // comments are not allowed in this language [-Wcomment]
#define CLRBIT(REG,BIT)  (REG &= ~((uint32)(1 << BIT))) //had to cast to remove warning
                                                        ^
MCAL/IntCtrl/IntCtrl.c(1): warning: In file included from...
MCAL/IntCtrl/headers\IntCtrl.h(16): warning: // comments are not allowed in this language [-Wcomment]
//void INT_init(void);
^
2 warnings generated.
compiling IntCtrl.c...
MCAL/Systick/SysTick.c(1): warning: In file included from...
MCAL/Systick/headers\SysTick.h(5): warning: In file included from...
MCAL/Systick/headers/..\..\common\MCU_hw.h(12): warning: // comments are not allowed in this language [-Wcomment]
#define CLRBIT(REG,BIT)  (REG &= ~((uint32)(1 << BIT))) //had to cast to remove warning
                                                        ^
MCAL/Systick/SysTick.c(2): warning: In file included from...
MCAL/Systick/headers\SysTick_Types.h(14): warning: // comments are not allowed in this language [-Wcomment]
#endif  //_SYSTICK_TYPES_H_
        ^
2 warnings generated.
compiling SysTick.c...
MCAL/Timer/Timer.c(8): warning: In file included from...
MCAL/Timer/headers\Timer.h(10): warning: In file included from...
MCAL/Timer/headers/..\..\common\MCU_hw.h(12): warning: // comments are not allowed in this language [-Wcomment]
#define CLRBIT(REG,BIT)  (REG &= ~((uint32)(1 << BIT))) //had to cast to remove warning
                                                        ^
MCAL/Timer/Timer.c(9): warning: In file included from...
MCAL/Timer/headers\Timer_Types.h(12): warning: // comments are not allowed in this language [-Wcomment]
#define ENABLE_TIMER(TIMER_N,CHANNEL)           SETBIT((TIMER_N).GPTMCTL, CHANNEL)//Disable TimerA or TimerB
                                                                                  ^
MCAL/Timer/Timer.c(15): warning: cast from 'volatile struct GPTM *' to 'struct GPTM *' drops volatile qualifier [-Wcast-qual]
        return (struct GPTM *)&GPTM0;
                              ^
MCAL/Timer/Timer.c(18): warning: cast from 'volatile struct GPTM *' to 'struct GPTM *' drops volatile qualifier [-Wcast-qual]
        return (struct GPTM *)&GPTM1;
                              ^
MCAL/Timer/Timer.c(21): warning: cast from 'volatile struct GPTM *' to 'struct GPTM *' drops volatile qualifier [-Wcast-qual]
        return (struct GPTM *)&GPTM2;
                              ^
MCAL/Timer/Timer.c(24): warning: cast from 'volatile struct GPTM *' to 'struct GPTM *' drops volatile qualifier [-Wcast-qual]
        return (struct GPTM *)&GPTM3;
                              ^
MCAL/Timer/Timer.c(27): warning: cast from 'volatile struct GPTM *' to 'struct GPTM *' drops volatile qualifier [-Wcast-qual]
        return (struct GPTM *)&GPTM4;
                              ^
MCAL/Timer/Timer.c(30): warning: cast from 'volatile struct GPTM *' to 'struct GPTM *' drops volatile qualifier [-Wcast-qual]
        return (struct GPTM *)&GPTM5;
                              ^
MCAL/Timer/Timer.c(13): warning: enumeration value 'TIMER5' not explicitly handled in switch [-Wswitch-enum]
    switch (tn){
            ^~
MCAL/Timer/Timer.c(40): warning: empty expression statement has no effect; remove unnecessary ';' to silence this warning [-Wextra-semi-stmt]
    RESET_CONFIG(*base);
                       ^
MCAL/Timer/Timer.c(42): warning: // comments are not allowed in this language [-Wcomment]
    if(tCh == TIMERA){//set Time Parameters for TIMERnB
                      ^
MCAL/Timer/Timer.c(36): warning: mixing declarations and code is a C99 extension [-Wdeclaration-after-statement]
    struct GPTM *base = getTimerAddress(tn);
                 ^
MCAL/Timer/Timer.c(66): warning: unused parameter 'tn' [-Wunused-parameter]
void TimerClockSourceSet (timerNumber tn, timerClockSource cs){
                                      ^
MCAL/Timer/Timer.c(66): warning: unused parameter 'cs' [-Wunused-parameter]
void TimerClockSourceSet (timerNumber tn, timerClockSource cs){
                                                           ^
MCAL/Timer/Timer.c(85): warning: no previous prototype for function 'TimerIntStatus' [-Wmissing-prototypes]
uint32 TimerIntStatus (timerNumber tn, timerInterruptType type){
       ^
MCAL/Timer/Timer.c(85): note: declare 'static' if the function is not intended to be used outside of this translation unit
uint32 TimerIntStatus (timerNumber tn, timerInterruptType type){
^
static 
15 warnings generated.
compiling Timer.c...
MCAL/GPIO/GPIO.c(1): warning: In file included from...
MCAL/GPIO/headers\GPIO.h(3): warning: In file included from...
MCAL/GPIO/headers/..\..\common\MCU_hw.h(12): warning: // comments are not allowed in this language [-Wcomment]
#define CLRBIT(REG,BIT)  (REG &= ~((uint32)(1 << BIT))) //had to cast to remove warning
                                                        ^
MCAL/GPIO/GPIO.c(1): warning: In file included from...
MCAL/GPIO/headers\GPIO.h(4): warning: // comments are not allowed in this language [-Wcomment]
//don't forget to use GPIO.GPIOPUR , GPIO,GPIOPDR IF THERE WILL BE AN INPUT. AND USE UNLOCK AND LOCK WITH THEM.
^
MCAL/GPIO/GPIO.c(25): warning: cast from 'volatile struct GPIO *' to 'struct GPIO *' drops volatile qualifier [-Wcast-qual]
        return (struct GPIO *)&GPIOA;
                              ^
MCAL/GPIO/GPIO.c(28): warning: cast from 'volatile struct GPIO *' to 'struct GPIO *' drops volatile qualifier [-Wcast-qual]
        return (struct GPIO *)&GPIOB;
                              ^
MCAL/GPIO/GPIO.c(31): warning: cast from 'volatile struct GPIO *' to 'struct GPIO *' drops volatile qualifier [-Wcast-qual]
        return (struct GPIO *)&GPIOC;
                              ^
MCAL/GPIO/GPIO.c(34): warning: cast from 'volatile struct GPIO *' to 'struct GPIO *' drops volatile qualifier [-Wcast-qual]
        return (struct GPIO *)&GPIOD;
                              ^
MCAL/GPIO/GPIO.c(37): warning: cast from 'volatile struct GPIO *' to 'struct GPIO *' drops volatile qualifier [-Wcast-qual]
        return (struct GPIO *)&GPIOE;
                              ^
MCAL/GPIO/GPIO.c(40): warning: cast from 'volatile struct GPIO *' to 'struct GPIO *' drops volatile qualifier [-Wcast-qual]
        return (struct GPIO *)&GPIOF;
                              ^
MCAL/GPIO/GPIO.c(23): warning: enumeration value 'PORTF' not explicitly handled in switch [-Wswitch-enum]
    switch (pN){
            ^~
MCAL/GPIO/GPIO.c(71): warning: // comments are not allowed in this language [-Wcomment]
                        break;//What to do here?
                              ^
10 warnings generated.
compiling GPIO.c...
app/main.c(1): warning: In file included from...
app/..\MCAL\common\MCU_hw.h(12): warning: // comments are not allowed in this language [-Wcomment]
#define CLRBIT(REG,BIT)  (REG &= ~((uint32)(1 << BIT))) //had to cast to remove warning
                                                        ^
app/main.c(2): warning: In file included from...
app/..\MCAL\GPIO\headers\GPIO.h(4): warning: // comments are not allowed in this language [-Wcomment]
//don't forget to use GPIO.GPIOPUR , GPIO,GPIOPDR IF THERE WILL BE AN INPUT. AND USE UNLOCK AND LOCK WITH THEM.
^
app/main.c(3): warning: In file included from...
app/..\MCAL\IntCtrl\headers\IntCtrl.h(16): warning: // comments are not allowed in this language [-Wcomment]
//void INT_init(void);
^
app/main.c(6): warning: // comments are not allowed in this language [-Wcomment]
//ASSUME FREQUENCY =  16000000
^
app/main.c(14): warning: no previous extern declaration for non-static variable 'on_time' [-Wmissing-variable-declarations]
uint32 on_time;
       ^
app/main.c(14): note: declare 'static' if the variable is not intended to be used outside of this translation unit
uint32 on_time;
^
app/main.c(15): warning: no previous extern declaration for non-static variable 'off_time' [-Wmissing-variable-declarations]
uint32 off_time;
       ^
app/main.c(15): note: declare 'static' if the variable is not intended to be used outside of this translation unit
uint32 off_time;
^
6 warnings generated.
compiling main.c...
assembling startup_TM4C123.s...
RTE/Device/TM4C123GH6PM/system_TM4C123.c(13): warning: In file included from...
C:/Users/ahmed/AppData/Local/Arm/Packs/Keil/TM4C_DFP/1.1.0/Device/Include/TM4C123\TM4C123.h(98): warning: In file included from...
C:/Users/ahmed/AppData/Local/Arm/Packs/Keil/TM4C_DFP/1.1.0/Device/Include/TM4C123/TM4C123GH6PM.h(298): warning: anonymous unions are a C11 extension [-Wc11-extensions]
  union {
  ^
C:/Users/ahmed/AppData/Local/Arm/Packs/Keil/TM4C_DFP/1.1.0/Device/Include/TM4C123/TM4C123GH6PM.h(338): warning: anonymous unions are a C11 extension [-Wc11-extensions]
  union {
  ^
C:/Users/ahmed/AppData/Local/Arm/Packs/Keil/TM4C_DFP/1.1.0/Device/Include/TM4C123/TM4C123GH6PM.h(357): warning: anonymous unions are a C11 extension [-Wc11-extensions]
  union {
  ^
C:/Users/ahmed/AppData/Local/Arm/Packs/Keil/TM4C_DFP/1.1.0/Device/Include/TM4C123/TM4C123GH6PM.h(713): warning: anonymous unions are a C11 extension [-Wc11-extensions]
  union {
  ^
C:/Users/ahmed/AppData/Local/Arm/Packs/Keil/TM4C_DFP/1.1.0/Device/Include/TM4C123/TM4C123GH6PM.h(729): warning: anonymous unions are a C11 extension [-Wc11-extensions]
  union {
  ^
C:/Users/ahmed/AppData/Local/Arm/Packs/Keil/TM4C_DFP/1.1.0/Device/Include/TM4C123/TM4C123GH6PM.h(774): warning: anonymous unions are a C11 extension [-Wc11-extensions]
  union {
  ^
C:/Users/ahmed/AppData/Local/Arm/Packs/Keil/TM4C_DFP/1.1.0/Device/Include/TM4C123/TM4C123GH6PM.h(779): warning: anonymous unions are a C11 extension [-Wc11-extensions]
  union {
  ^
C:/Users/ahmed/AppData/Local/Arm/Packs/Keil/TM4C_DFP/1.1.0/Device/Include/TM4C123/TM4C123GH6PM.h(872): warning: anonymous unions are a C11 extension [-Wc11-extensions]
  union {
  ^
C:/Users/ahmed/AppData/Local/Arm/Packs/Keil/TM4C_DFP/1.1.0/Device/Include/TM4C123/TM4C123GH6PM.h(885): warning: anonymous unions are a C11 extension [-Wc11-extensions]
  union {
  ^
C:/Users/ahmed/AppData/Local/Arm/Packs/Keil/TM4C_DFP/1.1.0/Device/Include/TM4C123/TM4C123GH6PM.h(892): warning: anonymous unions are a C11 extension [-Wc11-extensions]
  union {
  ^
C:/Users/ahmed/AppData/Local/Arm/Packs/Keil/TM4C_DFP/1.1.0/Device/Include/TM4C123/TM4C123GH6PM.h(897): warning: anonymous unions are a C11 extension [-Wc11-extensions]
  union {
  ^
C:/Users/ahmed/AppData/Local/Arm/Packs/Keil/TM4C_DFP/1.1.0/Device/Include/TM4C123/TM4C123GH6PM.h(904): warning: anonymous unions are a C11 extension [-Wc11-extensions]
  union {
  ^
C:/Users/ahmed/AppData/Local/Arm/Packs/Keil/TM4C_DFP/1.1.0/Device/Include/TM4C123/TM4C123GH6PM.h(910): warning: anonymous unions are a C11 extension [-Wc11-extensions]
  union {
  ^
C:/Users/ahmed/AppData/Local/Arm/Packs/Keil/TM4C_DFP/1.1.0/Device/Include/TM4C123/TM4C123GH6PM.h(917): warning: anonymous unions are a C11 extension [-Wc11-extensions]
  union {
  ^
C:/Users/ahmed/AppData/Local/Arm/Packs/Keil/TM4C_DFP/1.1.0/Device/Include/TM4C123/TM4C123GH6PM.h(924): warning: anonymous unions are a C11 extension [-Wc11-extensions]
  union {
  ^
C:/Users/ahmed/AppData/Local/Arm/Packs/Keil/TM4C_DFP/1.1.0/Device/Include/TM4C123/TM4C123GH6PM.h(929): warning: anonymous unions are a C11 extension [-Wc11-extensions]
  union {
  ^
C:/Users/ahmed/AppData/Local/Arm/Packs/Keil/TM4C_DFP/1.1.0/Device/Include/TM4C123/TM4C123GH6PM.h(936): warning: anonymous unions are a C11 extension [-Wc11-extensions]
  union {
  ^
C:/Users/ahmed/AppData/Local/Arm/Packs/Keil/TM4C_DFP/1.1.0/Device/Include/TM4C123/TM4C123GH6PM.h(942): warning: anonymous unions are a C11 extension [-Wc11-extensions]
  union {
  ^
C:/Users/ahmed/AppData/Local/Arm/Packs/Keil/TM4C_DFP/1.1.0/Device/Include/TM4C123/TM4C123GH6PM.h(949): warning: anonymous unions are a C11 extension [-Wc11-extensions]
  union {
  ^
C:/Users/ahmed/AppData/Local/Arm/Packs/Keil/TM4C_DFP/1.1.0/Device/Include/TM4C123/TM4C123GH6PM.h(956): warning: anonymous unions are a C11 extension [-Wc11-extensions]
  union {
  ^
C:/Users/ahmed/AppData/Local/Arm/Packs/Keil/TM4C_DFP/1.1.0/Device/Include/TM4C123/TM4C123GH6PM.h(961): warning: anonymous unions are a C11 extension [-Wc11-extensions]
  union {
  ^
C:/Users/ahmed/AppData/Local/Arm/Packs/Keil/TM4C_DFP/1.1.0/Device/Include/TM4C123/TM4C123GH6PM.h(968): warning: anonymous unions are a C11 extension [-Wc11-extensions]
  union {
  ^
C:/Users/ahmed/AppData/Local/Arm/Packs/Keil/TM4C_DFP/1.1.0/Device/Include/TM4C123/TM4C123GH6PM.h(974): warning: anonymous unions are a C11 extension [-Wc11-extensions]
  union {
  ^
C:/Users/ahmed/AppData/Local/Arm/Packs/Keil/TM4C_DFP/1.1.0/Device/Include/TM4C123/TM4C123GH6PM.h(981): warning: anonymous unions are a C11 extension [-Wc11-extensions]
  union {
  ^
C:/Users/ahmed/AppData/Local/Arm/Packs/Keil/TM4C_DFP/1.1.0/Device/Include/TM4C123/TM4C123GH6PM.h(988): warning: anonymous unions are a C11 extension [-Wc11-extensions]
  union {
  ^
C:/Users/ahmed/AppData/Local/Arm/Packs/Keil/TM4C_DFP/1.1.0/Device/Include/TM4C123/TM4C123GH6PM.h(993): warning: anonymous unions are a C11 extension [-Wc11-extensions]
  union {
  ^
C:/Users/ahmed/AppData/Local/Arm/Packs/Keil/TM4C_DFP/1.1.0/Device/Include/TM4C123/TM4C123GH6PM.h(1000): warning: anonymous unions are a C11 extension [-Wc11-extensions]
  union {
  ^
C:/Users/ahmed/AppData/Local/Arm/Packs/Keil/TM4C_DFP/1.1.0/Device/Include/TM4C123/TM4C123GH6PM.h(1006): warning: anonymous unions are a C11 extension [-Wc11-extensions]
  union {
  ^
C:/Users/ahmed/AppData/Local/Arm/Packs/Keil/TM4C_DFP/1.1.0/Device/Include/TM4C123/TM4C123GH6PM.h(1013): warning: anonymous unions are a C11 extension [-Wc11-extensions]
  union {
  ^
C:/Users/ahmed/AppData/Local/Arm/Packs/Keil/TM4C_DFP/1.1.0/Device/Include/TM4C123/TM4C123GH6PM.h(1020): warning: anonymous unions are a C11 extension [-Wc11-extensions]
  union {
  ^
C:/Users/ahmed/AppData/Local/Arm/Packs/Keil/TM4C_DFP/1.1.0/Device/Include/TM4C123/TM4C123GH6PM.h(1025): warning: anonymous unions are a C11 extension [-Wc11-extensions]
  union {
  ^
C:/Users/ahmed/AppData/Local/Arm/Packs/Keil/TM4C_DFP/1.1.0/Device/Include/TM4C123/TM4C123GH6PM.h(1032): warning: anonymous unions are a C11 extension [-Wc11-extensions]
  union {
  ^
C:/Users/ahmed/AppData/Local/Arm/Packs/Keil/TM4C_DFP/1.1.0/Device/Include/TM4C123/TM4C123GH6PM.h(1038): warning: anonymous unions are a C11 extension [-Wc11-extensions]
  union {
  ^
C:/Users/ahmed/AppData/Local/Arm/Packs/Keil/TM4C_DFP/1.1.0/Device/Include/TM4C123/TM4C123GH6PM.h(1045): warning: anonymous unions are a C11 extension [-Wc11-extensions]
  union {
  ^
C:/Users/ahmed/AppData/Local/Arm/Packs/Keil/TM4C_DFP/1.1.0/Device/Include/TM4C123/TM4C123GH6PM.h(1052): warning: anonymous unions are a C11 extension [-Wc11-extensions]
  union {
  ^
C:/Users/ahmed/AppData/Local/Arm/Packs/Keil/TM4C_DFP/1.1.0/Device/Include/TM4C123/TM4C123GH6PM.h(1057): warning: anonymous unions are a C11 extension [-Wc11-extensions]
  union {
  ^
C:/Users/ahmed/AppData/Local/Arm/Packs/Keil/TM4C_DFP/1.1.0/Device/Include/TM4C123/TM4C123GH6PM.h(1064): warning: anonymous unions are a C11 extension [-Wc11-extensions]
  union {
  ^
C:/Users/ahmed/AppData/Local/Arm/Packs/Keil/TM4C_DFP/1.1.0/Device/Include/TM4C123/TM4C123GH6PM.h(1070): warning: anonymous unions are a C11 extension [-Wc11-extensions]
  union {
  ^
C:/Users/ahmed/AppData/Local/Arm/Packs/Keil/TM4C_DFP/1.1.0/Device/Include/TM4C123/TM4C123GH6PM.h(1077): warning: anonymous unions are a C11 extension [-Wc11-extensions]
  union {
  ^
C:/Users/ahmed/AppData/Local/Arm/Packs/Keil/TM4C_DFP/1.1.0/Device/Include/TM4C123/TM4C123GH6PM.h(1084): warning: anonymous unions are a C11 extension [-Wc11-extensions]
  union {
  ^
C:/Users/ahmed/AppData/Local/Arm/Packs/Keil/TM4C_DFP/1.1.0/Device/Include/TM4C123/TM4C123GH6PM.h(1089): warning: anonymous unions are a C11 extension [-Wc11-extensions]
  union {
  ^
C:/Users/ahmed/AppData/Local/Arm/Packs/Keil/TM4C_DFP/1.1.0/Device/Include/TM4C123/TM4C123GH6PM.h(1096): warning: anonymous unions are a C11 extension [-Wc11-extensions]
  union {
  ^
C:/Users/ahmed/AppData/Local/Arm/Packs/Keil/TM4C_DFP/1.1.0/Device/Include/TM4C123/TM4C123GH6PM.h(1102): warning: anonymous unions are a C11 extension [-Wc11-extensions]
  union {
  ^
C:/Users/ahmed/AppData/Local/Arm/Packs/Keil/TM4C_DFP/1.1.0/Device/Include/TM4C123/TM4C123GH6PM.h(1251): warning: anonymous unions are a C11 extension [-Wc11-extensions]
  union {
  ^
RTE/Device/TM4C123GH6PM/system_TM4C123.c(19): warning: // comments are not allowed in this language [-Wcomment]
//-------- <<< Use Configuration Wizard in Context Menu >>> ------------------
^
45 warnings generated.
compiling system_TM4C123.c...
linking...
Program Size: Code=1852 RO-data=636 RW-data=0 ZI-data=624  
FromELF: creating hex file...
".\Objects\Led_app.axf" - 0 Error(s), 80 Warning(s).

<h2>Software Packages used:</h2>

Package Vendor: ARM
                http://www.keil.com/pack/ARM.CMSIS.5.9.0.pack
                ARM.CMSIS.5.9.0
                CMSIS (Common Microcontroller Software Interface Standard)
   * Component: CORE Version: 5.6.0

Package Vendor: Keil
                http://www.keil.com/pack/Keil.TM4C_DFP.1.1.0.pack
                Keil.TM4C_DFP.1.1.0
                Texas Instruments Tiva C Series Device Support and Examples
   * Component: Startup Version: 1.0.1

<h2>Collection of Component include folders:</h2>
  ./RTE/_Target_1
  C:/Users/ahmed/AppData/Local/Arm/Packs/ARM/CMSIS/5.9.0/CMSIS/Core/Include
  C:/Users/ahmed/AppData/Local/Arm/Packs/Keil/TM4C_DFP/1.1.0/Device/Include/TM4C123

<h2>Collection of Component Files used:</h2>

   * Component: ARM::CMSIS:CORE:5.6.0

   * Component: Keil::Device:Startup:1.0.1
      Include file:  Device/Include/TM4C123/TM4C123.h
      Source file:   Device/Source/ARM/startup_TM4C123.s
      Source file:   Device/Source/system_TM4C123.c
Build Time Elapsed:  00:00:03
</pre>
</body>
</html>
